I'm sorry, but errors were detected in your script. Please correct the
errors listed below, and try again.


File "game/script.rpy", line 35: is not terminated with a newline. (Check strings and parenthesis.)
(Perhaps you left out a " at the end of the first line.)
        "[animalBehaviorAndWelfare.currentClass]

Ren'Py Version: Ren'Py 7.4.11.2266
Mon Mar 14 17:56:51 2022
